---
source: pkg/beam-cli/src/tests/chains.rs
expression: default_known_tokens()
---
{
  "arbitrum": {
    "USDC": {
      "address": "0xaf88d065e77c8cc2239327c5edb3a432268e5831",
      "decimals": 6,
      "label": "USDC"
    },
    "USDT": {
      "address": "0xfd086bc7cd5c481dcc9c85ebe478a1c0b69fcbb9",
      "decimals": 6,
      "label": "USDT"
    }
  },
  "base": {
    "USDC": {
      "address": "0x833589fcd6edb6e08f4c7c32d4f71b54bda02913",
      "decimals": 6,
      "label": "USDC"
    }
  },
  "bnb": {
    "USDC": {
      "address": "0x8ac76a51cc950d9822d68b83fe1ad97b32cd580d",
      "decimals": 18,
      "label": "USDC"
    },
    "USDT": {
      "address": "0x55d398326f99059ff775485246999027b3197955",
      "decimals": 18,
      "label": "USDT"
    }
  },
  "ethereum": {
    "USDC": {
      "address": "0xa0b86991c6218b36c1d19d4a2e9eb0ce3606eb48",
      "decimals": 6,
      "label": "USDC"
    },
    "USDT": {
      "address": "0xdac17f958d2ee523a2206206994597c13d831ec7",
      "decimals": 6,
      "label": "USDT"
    }
  },
  "hardhat": {
    "USDC": {
      "address": "0x5fbdb2315678afecb367f032d93f642f64180aa3",
      "decimals": 6,
      "label": "USDC"
    }
  },
  "polygon": {
    "USDC": {
      "address": "0x3c499c542cef5e3811e1192ce70d8cc03d5c3359",
      "decimals": 6,
      "label": "USDC"
    }
  },
  "sepolia": {
    "USDC": {
      "address": "0x1c7d4b196cb0c7b01d743fbc6116a902379c7238",
      "decimals": 6,
      "label": "USDC"
    }
  }
}
